// Jest Snapshot v1, https://goo.gl/fbAQLP

exports[`renders-correctly 1`] = `
<div
  className="Rating-stars"
>
  <span
    onClick={[Function]}
  >
    ★
  </span>
  <span
    onClick={[Function]}
  >
    ★
  </span>
  <span
    onClick={[Function]}
  >
    ★
  </span>
  <span
    onClick={[Function]}
  >
    ★
  </span>
  <span
    onClick={[Function]}
  >
    ☆
  </span>
</div>
`;

exports[`renders-correctly with 3 stars 1`] = `
<div
  className="Rating-stars"
>
  <span
    onClick={[Function]}
  >
    ★
  </span>
  <span
    onClick={[Function]}
  >
    ★
  </span>
  <span
    onClick={[Function]}
  >
    ★
  </span>
  <span
    onClick={[Function]}
  >
    ☆
  </span>
  <span
    onClick={[Function]}
  >
    ☆
  </span>
</div>
`;
